<?xml version="1.0" encoding="utf-8"?><testsuites name="pytest tests"><testsuite name="pytest" errors="0" failures="0" skipped="0" tests="16" time="2.645" timestamp="2026-10-05T16:01:49.808099+05:30" hostname="Mahemud"><testcase classname="tests.test_features" name="test_sepal_and_petal_area_computed_correctly" time="0.021" /><testcase classname="tests.test_features" name="test_petal_length_bin_assigns_expected_category" time="0.008" /><testcase classname="tests.test_features" name="test_engineer_features_handles_zero_petal_length_without_crashing" time="0.011" /><testcase classname="tests.test_model_quality" name="test_predictions_are_known_labels" time="0.164" /><testcase classname="tests.test_model_quality" name="test_model_accuracy_meets_minimum_threshold" time="0.133" /><testcase classname="tests.test_preprocess" name="test_preprocess_removes_duplicates" time="0.010" /><testcase classname="tests.test_preprocess" name="test_preprocess_imputes_missing_numeric_values" time="0.015" /><testcase classname="tests.test_preprocess" name="test_preprocess_drops_rows_with_missing_target" time="0.013" /><testcase classname="tests.test_preprocess" name="test_preprocess_handles_empty_dataframe" time="0.013" /><testcase classname="tests.test_training_pipeline" name="test_training_pipeline_fits_without_error" time="0.023" /><testcase classname="tests.test_training_pipeline" name="test_predictions_have_correct_shape" time="0.018" /><testcase classname="tests.test_training_pipeline" name="test_predict_proba_rows_sum_to_one" time="0.019" /><testcase classname="tests.test_validate" name="test_validate_clean_data_passes" time="0.010" /><testcase classname="tests.test_validate" name="test_validate_missing_column_raises" time="0.011" /><testcase classname="tests.test_validate" name="test_validate_invalid_species_raises" time="0.009" /><testcase classname="tests.test_validate" name="test_validate_out_of_range_sepal_length_raises" time="0.010" /></testsuite></testsuites>